python : Traceback (most recent call last):
En línea: 1 Carácter: 1
+ python test_with_logging.py > test_output.txt 2>&1; Get-Content test_ ...
+ ~~~~~~~~~~~~~~~~~~~~~~~~~~~~~~~~~~~~~~~~~~~~~~~~~~
    + CategoryInfo          : NotSpecified: (Traceback (most recent call last) 
   ::String) [], RemoteException
    + FullyQualifiedErrorId : NativeCommandError
 
  File 
"C:\Users\lauta\OneDrive\Desktop\Trading\One_Market\test_with_logging.py", 
line 32, in <module>
    test_with_logging()
  File 
"C:\Users\lauta\OneDrive\Desktop\Trading\One_Market\test_with_logging.py", 
line 12, in test_with_logging
    print("\U0001f50d Test: Con logging detallado")
  File "C:\Program Files\WindowsApps\PythonSoftwareFoundation.Python.3.11_3.11.
2544.0_x64__qbz5n2kfra8p0\Lib\encodings\cp1252.py", line 19, in encode
    return codecs.charmap_encode(input,self.errors,encoding_table)[0]
           ^^^^^^^^^^^^^^^^^^^^^^^^^^^^^^^^^^^^^^^^^^^^^^^^^^^^^^^
UnicodeEncodeError: 'charmap' codec can't encode character '\U0001f50d' in 
position 0: character maps to <undefined>
